// Jest Snapshot v1, https://goo.gl/fbAQLP

exports[`Data Display/Icons AllIcons smoke-test 1`] = `
Object {
  "checked": undefined,
  "children": undefined,
  "name": "data-display-icons--all-icons",
  "pressed": undefined,
  "role": "WebArea",
  "value": undefined,
}
`;
