// Jest Snapshot v1, https://goo.gl/fbAQLP

exports[`User Inputs/LoginSwitch Default smoke-test 1`] = `
Object {
  "checked": undefined,
  "children": Array [
    Object {
      "checked": undefined,
      "children": undefined,
      "level": 1,
      "name": "Welcome to The Blog",
      "pressed": undefined,
      "role": "heading",
      "value": undefined,
    },
    Object {
      "checked": undefined,
      "children": undefined,
      "name": "You can tryout this app in guest mode! For complete features, login using admin account or a user account",
      "pressed": undefined,
      "role": "text",
      "value": undefined,
    },
    Object {
      "checked": undefined,
      "children": undefined,
      "name": "Guest Mode",
      "pressed": undefined,
      "role": "button",
      "value": undefined,
    },
    Object {
      "checked": undefined,
      "children": undefined,
      "name": "Login As Admin",
      "pressed": undefined,
      "role": "button",
      "value": undefined,
    },
    Object {
      "checked": undefined,
      "children": undefined,
      "name": "Guest As User",
      "pressed": undefined,
      "role": "button",
      "value": undefined,
    },
  ],
  "name": "user-inputs-loginswitch--default",
  "pressed": undefined,
  "role": "WebArea",
  "value": undefined,
}
`;
