// Jest Snapshot v1, https://goo.gl/fbAQLP

exports[`Layout/Sidebar Default smoke-test 1`] = `
Object {
  "checked": undefined,
  "children": Array [
    Object {
      "checked": undefined,
      "children": undefined,
      "name": "Posts",
      "pressed": undefined,
      "role": "link",
      "value": undefined,
    },
    Object {
      "checked": undefined,
      "children": undefined,
      "name": "Users",
      "pressed": undefined,
      "role": "link",
      "value": undefined,
    },
    Object {
      "checked": undefined,
      "children": undefined,
      "name": "Dark Mode",
      "pressed": undefined,
      "role": "button",
      "value": undefined,
    },
  ],
  "name": "layout-sidebar--default",
  "pressed": undefined,
  "role": "WebArea",
  "value": undefined,
}
`;

exports[`Layout/Sidebar HideUsersNav smoke-test 1`] = `
Object {
  "checked": undefined,
  "children": Array [
    Object {
      "checked": undefined,
      "children": undefined,
      "name": "Posts",
      "pressed": undefined,
      "role": "link",
      "value": undefined,
    },
    Object {
      "checked": undefined,
      "children": undefined,
      "name": "Dark Mode",
      "pressed": undefined,
      "role": "button",
      "value": undefined,
    },
  ],
  "name": "layout-sidebar--hide-users-nav",
  "pressed": undefined,
  "role": "WebArea",
  "value": undefined,
}
`;
